C51 COMPILER V9.60.0.0   KEY                                                               02/28/2021 16:24:52 PAGE 1   


C51 COMPILER V9.60.0.0, COMPILATION OF MODULE KEY
OBJECT MODULE PLACED IN ..\Output\Key.obj
COMPILER INVOKED BY: C:\Keil_v5\MDK\C51\BIN\C51.EXE ..\SourceProgram\Key.C LARGE OPTIMIZE(8,SPEED) BROWSE INCDIR(..\Sour
                    -ceProgram;..\SDK) DEBUG OBJECTEXTEND PRINT(..\listing\Key.lst) TABS(2) OBJECT(..\Output\Key.obj)

line level    source

   1          #include "Key.H"      //按键检测头文件
   2          
   3          /*****************接口定义*************************/
   4          sbit Key = P4^0;      //独立按键接口定义（单片机P40接口申明为Key） 
   5          
   6          /*****************变量定义*************************/
   7          
   8          /****************************************************************************************************
   9          /*函数：uchar Scan_Key(void)         //@11.0592MHz
  10          /*功能：查询并识别独立按键被按下函数
  11          /*说明：
  12          /*修改日期：2021-02-26
  13          /*作者：华南理工大学广州学院电工电子创新实验室——陈凌峰 
  14          /****************************************************************************************************/
  15          void Scan_Key(void)
  16          {
  17   1        if( Key == 0 )          //检测按键是否被按下      
  18   1        {
  19   2          Delay_ms(10);         //延时消除抖动  10ms
  20   2          mcu_reset_wifi();     //MCU主动重置wifi工作模式
  21   2        }
  22   1      
  23   1      }
  24          
  25          
  26          
  27          
  28          
  29          
  30          
  31          
  32          
  33          
  34          


MODULE INFORMATION:   STATIC OVERLAYABLE
   CODE SIZE        =     14    ----
   CONSTANT SIZE    =   ----    ----
   XDATA SIZE       =   ----    ----
   PDATA SIZE       =   ----    ----
   DATA SIZE        =   ----    ----
   IDATA SIZE       =   ----    ----
   BIT SIZE         =   ----    ----
END OF MODULE INFORMATION.


C51 COMPILATION COMPLETE.  0 WARNING(S),  0 ERROR(S)
